19:12:36 **** Incremental Build of configuration Debug for project 3Led_on_F401RE ****
make -j1 all 
arm-none-eabi-gcc "../Core/Src/main.c" -mcpu=cortex-m4 -std=gnu11 -g3 -DDEBUG -DUSE_HAL_DRIVER -DSTM32F401xE -c -I../Core/Inc -I../Drivers/STM32F4xx_HAL_Driver/Inc -I../Drivers/STM32F4xx_HAL_Driver/Inc/Legacy -I../Drivers/CMSIS/Device/ST/STM32F4xx/Include -I../Drivers/CMSIS/Include -O0 -ffunction-sections -fdata-sections -Wall -fstack-usage -fcyclomatic-complexity -MMD -MP -MF"Core/Src/main.d" -MT"Core/Src/main.o" --specs=nano.specs -mfpu=fpv4-sp-d16 -mfloat-abi=hard -mthumb -o "Core/Src/main.o"
arm-none-eabi-gcc -o "3Led_on_F401RE.elf" @"objects.list"   -mcpu=cortex-m4 -T"/home/osboxes/Gustavo/Embebidos/PdM_workspace/3Led_on_F401RE/STM32F401RETX_FLASH.ld" --specs=nosys.specs -Wl,-Map="3Led_on_F401RE.map" -Wl,--gc-sections -static --specs=nano.specs -mfpu=fpv4-sp-d16 -mfloat-abi=hard -mthumb -Wl,--start-group -lc -lm -Wl,--end-group
Finished building target: 3Led_on_F401RE.elf
 
arm-none-eabi-size   3Led_on_F401RE.elf 
   text	   data	    bss	    dec	    hex	filename
   7800	     20	   1636	   9456	   24f0	3Led_on_F401RE.elf
Finished building: default.size.stdout
 
arm-none-eabi-objdump -h -S  3Led_on_F401RE.elf  > "3Led_on_F401RE.list"
Finished building: 3Led_on_F401RE.list
 

19:12:40 Build Finished. 0 errors, 0 warnings. (took 3s.847ms)

