19:14:53 **** Build of configuration Debug for project Clase03 ****
make -j1 all 
arm-none-eabi-gcc "../Core/Src/main.c" -mcpu=cortex-m4 -std=gnu11 -g3 -DDEBUG -DUSE_HAL_DRIVER -DSTM32F401xE -c -I../Core/Inc -I../Drivers/STM32F4xx_HAL_Driver/Inc -I../Drivers/STM32F4xx_HAL_Driver/Inc/Legacy -I../Drivers/CMSIS/Device/ST/STM32F4xx/Include -I../Drivers/CMSIS/Include -I"/home/osboxes/Gustavo/Embebidos/PdM_workspace/Clase03/Drivers/API/Inc" -I"/home/osboxes/Gustavo/Embebidos/PdM_workspace/Clase03/Drivers/API/Src" -O0 -ffunction-sections -fdata-sections -Wall -fstack-usage -fcyclomatic-complexity -MMD -MP -MF"Core/Src/main.d" -MT"Core/Src/main.o" --specs=nano.specs -mfpu=fpv4-sp-d16 -mfloat-abi=hard -mthumb -o "Core/Src/main.o"
arm-none-eabi-gcc -o "Clase03.elf" @"objects.list"   -mcpu=cortex-m4 -T"/home/osboxes/Gustavo/Embebidos/PdM_workspace/Clase03/STM32F401RETX_FLASH.ld" --specs=nosys.specs -Wl,-Map="Clase03.map" -Wl,--gc-sections -static --specs=nano.specs -mfpu=fpv4-sp-d16 -mfloat-abi=hard -mthumb -Wl,--start-group -lc -lm -Wl,--end-group
Finished building target: Clase03.elf
 
arm-none-eabi-size   Clase03.elf 
   text	   data	    bss	    dec	    hex	filename
   8064	     40	   1640	   9744	   2610	Clase03.elf
Finished building: default.size.stdout
 
arm-none-eabi-objdump -h -S  Clase03.elf  > "Clase03.list"
Finished building: Clase03.list
 

19:14:55 Build Finished. 0 errors, 0 warnings. (took 1s.811ms)

