09:58:18 **** Incremental Build of configuration Debug for project Clase01 ****
make -j1 all 
arm-none-eabi-gcc "../Core/Src/main.c" -mcpu=cortex-m4 -std=gnu11 -g3 -DDEBUG -DUSE_HAL_DRIVER -DSTM32F401xE -c -I../Core/Inc -I../Drivers/STM32F4xx_HAL_Driver/Inc -I../Drivers/STM32F4xx_HAL_Driver/Inc/Legacy -I../Drivers/CMSIS/Device/ST/STM32F4xx/Include -I../Drivers/CMSIS/Include -O0 -ffunction-sections -fdata-sections -Wall -fstack-usage -fcyclomatic-complexity -MMD -MP -MF"Core/Src/main.d" -MT"Core/Src/main.o" --specs=nano.specs -mfpu=fpv4-sp-d16 -mfloat-abi=hard -mthumb -o "Core/Src/main.o"
arm-none-eabi-gcc -o "Clase01.elf" @"objects.list"   -mcpu=cortex-m4 -T"/home/osboxes/Gustavo/Embebidos/PdM_workspace/Clase01/STM32F401RETX_FLASH.ld" --specs=nosys.specs -Wl,-Map="Clase01.map" -Wl,--gc-sections -static --specs=nano.specs -mfpu=fpv4-sp-d16 -mfloat-abi=hard -mthumb -Wl,--start-group -lc -lm -Wl,--end-group
Finished building target: Clase01.elf
 
arm-none-eabi-size   Clase01.elf 
   text	   data	    bss	    dec	    hex	filename
   7924	     24	   1640	   9588	   2574	Clase01.elf
Finished building: default.size.stdout
 
arm-none-eabi-objdump -h -S  Clase01.elf  > "Clase01.list"
Finished building: Clase01.list
 

09:58:20 Build Finished. 0 errors, 0 warnings. (took 2s.888ms)

