10:35:09 **** Build of configuration Debug for project I2C_Scanner ****
make -j1 all 
arm-none-eabi-gcc "../Core/Src/main.c" -mcpu=cortex-m4 -std=gnu11 -g3 -DDEBUG -DUSE_HAL_DRIVER -DSTM32F401xE -c -I../Core/Inc -I../Drivers/STM32F4xx_HAL_Driver/Inc -I../Drivers/STM32F4xx_HAL_Driver/Inc/Legacy -I../Drivers/CMSIS/Device/ST/STM32F4xx/Include -I../Drivers/CMSIS/Include -I"/home/osboxes/Gustavo/Embebidos/PdM_workspace/I2C_Scanner/Drivers/API/Inc" -I"/home/osboxes/Gustavo/Embebidos/PdM_workspace/I2C_Scanner/Drivers/API/Src" -O0 -ffunction-sections -fdata-sections -Wall -fstack-usage -fcyclomatic-complexity -MMD -MP -MF"Core/Src/main.d" -MT"Core/Src/main.o" --specs=nano.specs -mfpu=fpv4-sp-d16 -mfloat-abi=hard -mthumb -o "Core/Src/main.o"
../Core/Src/main.c: In function 'main':
../Core/Src/main.c:151:12: warning: implicit declaration of function 'sprintf' [-Wimplicit-function-declaration]
  151 |            sprintf(Buffer, "0x%X", i);
      |            ^~~~~~~
../Core/Src/main.c:39:1: note: include '<stdio.h>' or provide a declaration of 'sprintf'
   38 | #include "BMP180.h"
  +++ |+#include <stdio.h>
   39 | 
../Core/Src/main.c:151:12: warning: incompatible implicit declaration of built-in function 'sprintf' [-Wbuiltin-declaration-mismatch]
  151 |            sprintf(Buffer, "0x%X", i);
      |            ^~~~~~~
../Core/Src/main.c:151:12: note: include '<stdio.h>' or provide a declaration of 'sprintf'
../Core/Src/main.c:151:20: warning: pointer targets in passing argument 1 of 'sprintf' differ in signedness [-Wpointer-sign]
  151 |            sprintf(Buffer, "0x%X", i);
      |                    ^~~~~~
      |                    |
      |                    uint8_t * {aka unsigned char *}
../Core/Src/main.c:151:20: note: expected 'char *' but argument is of type 'uint8_t *' {aka 'unsigned char *'}
arm-none-eabi-gcc -o "I2C_Scanner.elf" @"objects.list"   -mcpu=cortex-m4 -T"/home/osboxes/Gustavo/Embebidos/PdM_workspace/I2C_Scanner/STM32F401RETX_FLASH.ld" --specs=nosys.specs -Wl,-Map="I2C_Scanner.map" -Wl,--gc-sections -static --specs=nano.specs -mfpu=fpv4-sp-d16 -mfloat-abi=hard -mthumb -Wl,--start-group -lc -lm -Wl,--end-group
Finished building target: I2C_Scanner.elf
 
arm-none-eabi-size   I2C_Scanner.elf 
   text	   data	    bss	    dec	    hex	filename
  12788	    144	   2080	  15012	   3aa4	I2C_Scanner.elf
Finished building: default.size.stdout
 
arm-none-eabi-objdump -h -S  I2C_Scanner.elf  > "I2C_Scanner.list"
Finished building: I2C_Scanner.list
 

10:35:11 Build Finished. 0 errors, 3 warnings. (took 2s.377ms)

