01:03:28 **** Incremental Build of configuration Debug for project LCD_F401RE ****
make -j1 all 
arm-none-eabi-gcc "../Core/Src/i2c-lcd.c" -mcpu=cortex-m4 -std=gnu11 -g3 -DDEBUG -DUSE_HAL_DRIVER -DSTM32F401xE -c -I../Core/Inc -I../Drivers/STM32F4xx_HAL_Driver/Inc -I../Drivers/STM32F4xx_HAL_Driver/Inc/Legacy -I../Drivers/CMSIS/Device/ST/STM32F4xx/Include -I../Drivers/CMSIS/Include -I"/home/osboxes/Gustavo/Embebidos/PdM_workspace/LCD_F401RE/Drivers/API/Inc" -I"/home/osboxes/Gustavo/Embebidos/PdM_workspace/LCD_F401RE/Drivers/API/Src" -O0 -ffunction-sections -fdata-sections -Wall -fstack-usage -fcyclomatic-complexity -MMD -MP -MF"Core/Src/i2c-lcd.d" -MT"Core/Src/i2c-lcd.o" --specs=nano.specs -mfpu=fpv4-sp-d16 -mfloat-abi=hard -mthumb -o "Core/Src/i2c-lcd.o"
arm-none-eabi-gcc -o "LCD_F401RE.elf" @"objects.list"   -mcpu=cortex-m4 -T"/home/osboxes/Gustavo/Embebidos/PdM_workspace/LCD_F401RE/STM32F401RETX_FLASH.ld" --specs=nosys.specs -Wl,-Map="LCD_F401RE.map" -Wl,--gc-sections -static --specs=nano.specs -mfpu=fpv4-sp-d16 -mfloat-abi=hard -mthumb -Wl,--start-group -lc -lm -Wl,--end-group
Finished building target: LCD_F401RE.elf
 
arm-none-eabi-size   LCD_F401RE.elf 
   text	   data	    bss	    dec	    hex	filename
  13284	    104	   2064	  15452	   3c5c	LCD_F401RE.elf
Finished building: default.size.stdout
 
arm-none-eabi-objdump -h -S  LCD_F401RE.elf  > "LCD_F401RE.list"
Finished building: LCD_F401RE.list
 

01:03:30 Build Finished. 0 errors, 0 warnings. (took 2s.149ms)

